<html>
<body>
<pre>
<h1>礦ision Build Log</h1>
<h2>Tool Versions:</h2>
IDE-Version: μVision V5.23.0.0
Copyright (C) 2017 ARM Ltd and ARM Germany GmbH. All rights reserved.
License Information: 郑 天才, 天才集团, LIC=SDAMM-XQRCX-KBJER-KLME3-P61J3-ENQMS
 
Tool Versions:
Toolchain:       MDK-ARM Plus  Version: 5.23
Toolchain Path:  C:\Keil_v5\ARM\ARMCC\Bin
C Compiler:      Armcc.exe V5.06 update 4 (build 422)
Assembler:       Armasm.exe V5.06 update 4 (build 422)
Linker/Locator:  ArmLink.exe V5.06 update 4 (build 422)
Library Manager: ArmAr.exe V5.06 update 4 (build 422)
Hex Converter:   FromElf.exe V5.06 update 4 (build 422)
CPU DLL:         SARMCM3.DLL V5.23
Dialog DLL:      DCM.DLL V1.15.0.0
Target DLL:      STLink\ST-LINKIII-KEIL_SWO.dll V2.0.18.0
Dialog DLL:      TCM.DLL V1.27.0.0
 
<h2>Project:</h2>
D:\STM32 Information\LCD12864  SPI\LCD12864  SPI\LCD12864  SPI\Project\RVMDK（uv4）\Template.uvprojx
Project File Date:  11/12/2018

<h2>Output:</h2>
*** Using Compiler 'V5.06 update 4 (build 422)', folder: 'C:\Keil_v5\ARM\ARMCC\Bin'
Rebuild target 'Target 1'
assembling startup_stm32f10x_md.s...
compiling system_stm32f10x.c...
compiling misc.c...
compiling core_cm3.c...
compiling stm32f10x_adc.c...
compiling stm32f10x_bkp.c...
compiling stm32f10x_can.c...
compiling stm32f10x_cec.c...
compiling stm32f10x_crc.c...
compiling stm32f10x_dac.c...
compiling stm32f10x_dbgmcu.c...
compiling stm32f10x_dma.c...
compiling stm32f10x_exti.c...
compiling stm32f10x_flash.c...
compiling stm32f10x_gpio.c...
compiling stm32f10x_fsmc.c...
compiling stm32f10x_i2c.c...
compiling stm32f10x_iwdg.c...
compiling stm32f10x_pwr.c...
compiling stm32f10x_rcc.c...
compiling stm32f10x_rtc.c...
compiling stm32f10x_sdio.c...
compiling stm32f10x_spi.c...
compiling stm32f10x_usart.c...
compiling stm32f10x_tim.c...
compiling stm32f10x_wwdg.c...
compiling stm32f10x_it.c...
compiling Fdelay.C...
compiling led.c...
compiling HOME.C...
..\Device\HOME.C(515): warning:  #111-D: statement is unreachable
  		  default :cls12864();clsgraphic();string12864_all(70,0,0,Error_subtitle) ;while(1); break;
..\Device\HOME.C(529): warning:  #111-D: statement is unreachable
  		 default :cls12864();clsgraphic();string12864_all(70,0,0,Error_subtitle) ; while(1); break;
..\Device\HOME.C(575): warning:  #111-D: statement is unreachable
  		  default :cls12864();clsgraphic();string12864_all(70,0,0,Error_subtitle) ; while(1); break;
..\Device\HOME.C: 3 warnings, 0 errors
compiling LCD12864_VIEW.C...
compiling LCD12864_BAISE.C...
compiling P12864.C...
compiling EC11.C...
compiling WORKLED.C...
compiling FWLB_Init.C...
..\Device\FWLB_Init.C(3): warning:  #177-D: function "NVIC__UART1_Configuration"  was declared but never referenced
  static void NVIC__UART1_Configuration(void)
..\Device\FWLB_Init.C: 1 warning, 0 errors
linking...
Program Size: Code=1236 RO-data=268 RW-data=8 ZI-data=1024  
FromELF: creating hex file...
"..\..\Output\LCD12864 SPI.axf" - 0 Error(s), 4 Warning(s).

<h2>Collection of Component include folders:</h2>
  .\RTE\_Target_1
  C:\Keil_v5\ARM\PACK\Keil\STM32F1xx_DFP\2.2.0\Device\Include

<h2>Collection of Component Files used:</h2>
Build Time Elapsed:  00:00:21
</pre>
</body>
</html>
